**********************
Начало записи сценария Windows PowerShell
Время начала: 20260524224241
Имя пользователя: KILLMASZ\fizss
Запуск от имени пользователя: KILLMASZ\fizss
Имя конфигурации: 
Компьютер: KILLMASZ (Microsoft Windows NT 10.0.26100.0)
Ведущее приложение: C:\Windows\System32\WindowsPowerShell\v1.0\powershell.exe -file  C:\Users\fizss\Documents\vs projects\FimozBot\start_bot.ps1 
ИД процесса: 7160
PSVersion: 5.1.26100.1591
PSEdition: Desktop
PSCompatibleVersions: 1.0, 2.0, 3.0, 4.0, 5.0, 5.1.26100.1591
BuildVersion: 10.0.26100.1591
CLRVersion: 4.0.30319.42000
WSManStackVersion: 3.0
PSRemotingProtocolVersion: 2.3
SerializationVersion: 1.1.0.1
**********************
No virtualenv activation script found; running system Python.
PS>TerminatingError(Out-File): "Процесс не может получить доступ к файлу "C:\Users\fizss\Documents\vs projects\FimozBot\logs\start_bot_20260524_224241.log", так как этот файл используется другим процессом."
Warning: failed to write to log file (C:\Users\fizss\Documents\vs projects\FimozBot\logs\start_bot_20260524_224241.log).
Launching run.py with args:
PS>TerminatingError(Out-File): "Процесс не может получить доступ к файлу "C:\Users\fizss\Documents\vs projects\FimozBot\logs\start_bot_20260524_224241.log", так как этот файл используется другим процессом."
Warning: failed to write to log file (C:\Users\fizss\Documents\vs projects\FimozBot\logs\start_bot_20260524_224241.log).
