**********************
Начало записи сценария Windows PowerShell
Время начала: 20260525164419
Имя пользователя: KILLMASZ\fizss
Запуск от имени пользователя: KILLMASZ\fizss
Имя конфигурации: 
Компьютер: KILLMASZ (Microsoft Windows NT 10.0.26100.0)
Ведущее приложение: C:\WINDOWS\System32\WindowsPowerShell\v1.0\powershell.exe -NoProfile -ExecutionPolicy Bypass -Command Import-Module 'c:\Users\fizss\.vscode\extensions\ms-vscode.powershell-2025.4.0\modules\PowerShellEditorServices\PowerShellEditorServices.psd1'; Start-EditorServices -HostName 'Visual Studio Code Host' -HostProfileId 'Microsoft.VSCode' -HostVersion '2025.4.0' -BundledModulesPath 'c:\Users\fizss\.vscode\extensions\ms-vscode.powershell-2025.4.0\modules' -EnableConsoleRepl -StartupBanner "PowerShell Extension v2025.4.0
Copyright (c) Microsoft Corporation.

https://aka.ms/vscode-powershell
Type 'help' to get help.
" -LogLevel 'Warning' -LogPath 'c:\Users\fizss\AppData\Roaming\Code\logs\20260525T150139\window1\exthost\ms-vscode.powershell' -SessionDetailsPath 'c:\Users\fizss\AppData\Roaming\Code\User\globalStorage\ms-vscode.powershell\sessions\PSES-VSCode-4800-956256.json' -FeatureFlags @() 
ИД процесса: 5708
PSVersion: 5.1.26100.1591
PSEdition: Desktop
PSCompatibleVersions: 1.0, 2.0, 3.0, 4.0, 5.0, 5.1.26100.1591
BuildVersion: 10.0.26100.1591
CLRVersion: 4.0.30319.42000
WSManStackVersion: 3.0
PSRemotingProtocolVersion: 2.3
SerializationVersion: 1.1.0.1
**********************
Activating virtualenv...
(.venv) TerminatingError(Out-File): "Процесс не может получить доступ к файлу "C:\Users\fizss\Documents\vs projects\FimozBot\logs\start_bot_20260525_164419.log", так как этот файл используется другим процессом."
Warning: failed to write to log file (C:\Users\fizss\Documents\vs projects\FimozBot\logs\start_bot_20260525_164419.log).
Launching run.py with args:
(.venv) TerminatingError(Out-File): "Процесс не может получить доступ к файлу "C:\Users\fizss\Documents\vs projects\FimozBot\logs\start_bot_20260525_164419.log", так как этот файл используется другим процессом."
Warning: failed to write to log file (C:\Users\fizss\Documents\vs projects\FimozBot\logs\start_bot_20260525_164419.log).

(.venv) TerminatingError(): "Конвейерная обработка была остановлена."
>> TerminatingError(): "Конвейерная обработка была остановлена."
>> TerminatingError(): "Конвейерная обработка была остановлена."
]633;A]633;P;Cwd=C:\x5cUsers\x5cfizss\x5cDocuments\x5cvs projects\x5cFimozBotPS C:\Users\fizss\Documents\vs projects\FimozBot> ]633;B
(.venv) CommandInvocation(Remove-Variable): "Remove-Variable"
>> ParameterBinding(Remove-Variable): имя="Name"; значение="__psEditorServices_DebugServer"
>> ParameterBinding(Remove-Variable): имя="Force"; значение="True"
